# Path: boot.efi.tmp
# Arch: i386
# Object files:
[  0] linker synthesized
[  1] Base64.o
[  2] BootArgs.o
[  3] BootDebugger.o
[  4] Config.o
[  5] Console.o
[  6] Crc32.o
[  7] Debug1394.o
[  8] DebugUsb.o
[  9] DevicePath.o
[ 10] DeviceTree.o
[ 11] FileIo.o
[ 12] FileVault.o
[ 13] GuidDefine.o
[ 14] Hibernate.o
[ 15] LoadDrivers.o
[ 16] LoadKernel.o
[ 17] MachO.o
[ 18] Main.o
[ 19] MD5.o
[ 20] Memory.o
[ 21] MemoryMap.o
[ 22] MiscUtils.o
[ 23] NetBoot.o
[ 24] Options.o
[ 25] PanicDialog.o
[ 26] PeImage.o
[ 27] PlatformExpert.o
[ 28] RuntimeLib.o
[ 29] SHA256.o
[ 30] AcpiUtils.o
[ 31] ../rijndael/librijndael.a(aes_modes.o)
[ 32] ../rijndael/librijndael.a(aeskey.o)
[ 33] ../rijndael/librijndael.a(aestab.o)
[ 34] ../rijndael/librijndael.a(aesxts.o)
[ 35] ../rijndael/librijndael.a(aes_x86_v1.o)
[ 36] __umoddi3.o
[ 37] __udivdi3.o
[ 38] __udivmoddi4.o
[ 39] x86/libx86.a(ThunkCode32.o)
[ 40] x86/libx86.a(ArchUtilsX86.o)
[ 41] x86/libx86.a(CompilerX86.o)
[ 42] x86/libx86.a(Thunk64.o)
[ 43] x86/libx86.a(DebuggerUtilsX86.o)
# Sections:
# Address	Size    	Segment	Section
0x00000240	0x0001F518	__TEXT	__text
0x0001F758	0x00000F3C	__TEXT	__cstring
0x000206A0	0x0000068E	__TEXT	__ustring
0x00020D40	0x00005B08	__TEXT	__const
0x00026860	0x00022D13	__DATA	__data
0x00049580	0x000044B8	__DATA	__bss
0x0004DA40	0x000020C8	__DATA	__common
# Symbols:
# Address	Size    	File  Name
0x00000240	0x00000000	[  0] ___dso_handle
0x00000240	0x00000190	[  1] ?Base64Decode@@YAIPBEIPAXPAI@Z
0x000003D0	0x00000043	[  2] ?BlAddMemoryRangeNode@@YAIPBE_K1@Z
0x00000413	0x000008C2	[  2] ?BlInitializeBootArgs@@YAIPAUEFI_DEVICE_PATH_PROTOCOL@@0PAXPBEPAPAU_BOOT_ARGS@@@Z
0x00000CD5	0x000000B7	[  2] ?BlAddBooterInfo@@YAIPAU_DEVICE_TREE_NODE@@@Z
0x00000D8C	0x0000060E	[  2] ?BlFinalizeBootArgs@@YAIPAU_BOOT_ARGS@@PBEPAXPAU_MACH_O_LOADED_INFO@@@Z
0x0000139A	0x000000BB	[  2] ?BlInitCSRState@@YAIPAU_BOOT_ARGS@@@Z
0x00001455	0x0000011A	[  3] ?BdMoveMemory@@YAIPAX0I@Z
0x0000156F	0x00000023	[  3] ?BdpWriteCheck@@YAEPAX@Z
0x00001592	0x0000001C	[  3] ?BdComputeChecksum@@YAIPAXI@Z
0x000015AE	0x0000006A	[  3] ?BdDeleteBreakpointRange@@YAE_K0@Z
0x00001618	0x00000042	[  3] ?BdpDeleteBreakpoint@@YAEI@Z
0x0000165A	0x000000CE	[  3] ?BdReportExceptionStateChange@@YAXPAU_EXCEPTION_RECORD@@PAU_CONTEXT@@@Z
0x00001728	0x00001066	[  3] ?BdpSendWaitContinue@@YAIIPAU_STRING@@0PAU_CONTEXT@@@Z
0x0000278E	0x000000EE	[  3] ?BdReportLoadSymbolsStateChange@@YAXPAU_STRING@@PAU_KD_SYMBOLS_INFO@@EPAU_CONTEXT@@@Z
0x0000287C	0x00000099	[  3] ?BdPrintString@@YAEPAU_STRING@@@Z
0x00002915	0x0000006E	[  3] ?BdPollBreakIn@@YAEXZ
0x00002983	0x00000115	[  3] ?BdPromptString@@YAEPAU_STRING@@0@Z
0x00002A98	0x00000231	[  3] ?BdInitialize@@YAIPBE@Z
0x00002CC9	0x000000BD	[  3] ?BdFinalize@@YAIXZ
0x00002D86	0x00000027	[  3] ?BdPollConnection@@YAXXZ
0x00002DAD	0x0000006B	[  3] ?DbgPrint@@YAIPBEZZ
0x00002E18	0x00000069	[  3] ?DbgLoadImageSymbols@@YAXPAU_UNICODE_STRING@@PAXI@Z
0x00002E81	0x00000075	[  3] ?DbgLoadImageSymbols@@YAXPAU_STRING@@PAXI@Z
0x00002EF6	0x00000049	[  3] ?DbgUnLoadImageSymbols@@YAXPAU_STRING@@PAXI@Z
0x00002F3F	0x00000069	[  3] ?BdpLowWriteContent@@YAEI@Z
0x00002FA8	0x00000069	[  3] ?BdpReadPciConfigSpace@@YAXIIIIPAXI@Z
0x00003011	0x0000004D	[  3] ?BdpWritePciConfigSpace@@YAXIIIIPAXI@Z
0x0000305E	0x0000005B	[  3] ?BdpValidatePciSlot@@YAEIII@Z
0x000030B9	0x00000143	[  3] ?BdpReadWritePciConfigSpace@@YAXIIIIPAXIE@Z
0x000031FC	0x000000B3	[  3] ?BdpAddBreakpoint@@YAI_K@Z
0x000032AF	0x00000086	[  4] ?CmParseXmlFile@@YAIPAEPAPAU_XML_TAG@@@Z
0x00003335	0x00000493	[  4] ?CmpParseNextTag@@YAHPAEPAPAU_XML_TAG@@@Z
0x000037C8	0x000000AF	[  4] ?CmFreeTag@@YAXPAU_XML_TAG@@@Z
0x00003877	0x00000153	[  4] ?CmGetStringValueForKeyAndCommandLine@@YAPBEPBE0PAIE@Z
0x000039CA	0x00000059	[  4] ?CmGetStringValueForKey@@YAPBEPAU_XML_TAG@@PBEPAI@Z
0x00003A23	0x0000006F	[  4] ?CmSerializeValueForKey@@YAPBEPBEPAI@Z
0x00003A92	0x0000004F	[  4] ?CmGetTagValueForKey@@YAPAU_XML_TAG@@PAU1@PBE@Z
0x00003AE1	0x00000192	[  4] ?CmpTagToString@@YAXPAU_XML_TAG@@PAPAEPAI2@Z
0x00003C73	0x00000041	[  4] ?CmGetIntegerValueForKey@@YAIPBEPA_J@Z
0x00003CB4	0x00000022	[  4] ?CmGetListTagElementsCount@@YAIPAU_XML_TAG@@@Z
0x00003CD6	0x00000032	[  4] ?CmGetListTagElementByIndex@@YAPAU_XML_TAG@@PAU1@I@Z
0x00003D08	0x00000057	[  4] ?CmpEmitFormatString@@YAXPBEEPAPAEPAI2ZZ
0x00003D5F	0x00000108	[  4] ?CmpEmitString@@YAXPBEEPAPAEPAI2@Z
0x00003E67	0x0000005F	[  4] ?CmpGetToken@@YAXPBEPAPBEPAI@Z
0x00003EC6	0x0000004E	[  4] ?CmpFindSymbol@@YAPAU_XML_SYMBOL@@PBEPAPAU1@@Z
0x00003F14	0x00000064	[  4] ?CmpGetNextTag@@YAHPAEPAPAEPAH@Z
0x00003F78	0x000000D1	[  4] ?CmpParseTagList@@YAHPAEPAPAU_XML_TAG@@IE@Z
0x00004049	0x0000004D	[  4] ?CmpParseTagBoolean@@YAHPAEPAPAU_XML_TAG@@I@Z
0x00004096	0x00000082	[  4] ?CmpNewTag@@YAPAU_XML_TAG@@XZ
0x00004118	0x00000093	[  4] ?CmpFixDataMatchingTag@@YAHPAEPBE@Z
0x000041AB	0x00000067	[  4] ?CmpNewSymbol@@YAPAEPAE@Z
0x00004212	0x00000216	[  5] ?CspLoadLogoFile@@YAIPBEPAPAUEFI_UGA_PIXEL@@PAI2@Z
0x00004428	0x00000152	[  5] ?CsInitialize@@YAIXZ
0x0000457A	0x00000042	[  5] ?CsSetConsoleMode@@YAIEE@Z
0x000045BC	0x000000DC	[  5] ?CsInitializeGraphMode@@YAIXZ
0x00004698	0x0000020E	[  5] ?CsInitializeBootVideo@@YAIPAU_BOOT_VIDEO_V1@@@Z
0x000048A6	0x000000F0	[  5] ?CsPrintf@@YAXPBEZZ
0x00004996	0x0000011E	[  5] ?CsConnectDevice@@YAIEE@Z
0x00004AB4	0x0000003D	[  5] ?CspRestoreGraphConfig@@YAIIPAX00@Z
0x00004AF1	0x000004CE	[  5] ?CsDrawBootImage@@YAIE@Z
0x00004FBF	0x00000035	[  5] ?CsClearScreen@@YAXXZ
0x00004FF4	0x0000006F	[  5] ?CspDrawRect@@YAIIIIIPAUEFI_UGA_PIXEL@@@Z
0x00005063	0x00000078	[  5] ?CspConvertImage@@YAIPAPAUEFI_UGA_PIXEL@@PBEIII1@Z
0x000050DB	0x000000C1	[  5] ?CspIndicatorRefreshTimerEventNotifyRoutine@@YAXPAX0@Z
0x0000519C	0x000000E2	[  5] ?CsDrawPanicImage@@YAIXZ
0x0000527E	0x0000019A	[  5] ?CsSetupDeviceTree@@YAIPAU_BOOT_ARGS@@@Z
0x00005418	0x00000068	[  5] ?CspFillRect@@YAIIIIIUEFI_UGA_PIXEL@@@Z
0x00005480	0x00000040	[  5] ?CsFinalize@@YAIXZ
0x000054C0	0x000008D4	[  5] ?CsDrawPreview@@YAXPAU_HIBERNATE_PREVIEW@@IQAY0CG@EEEPAH@Z
0x00005D94	0x0000018D	[  5] ?CsUpdateProgress@@YAXQAY0CG@EII@Z
0x00005F21	0x00000030	[  6] ?BlCrc32@@YAIIPBXI@Z
0x00005F51	0x00000239	[  7] ?Bd1394ReceivePacket@@YAIIPAU_STRING@@0PAI@Z
0x0000618A	0x000000F6	[  7] ?Bd1394pEnablePhysicalAccess@@YAXPAU_DBG1394_GLOBAL_DATA@@@Z
0x00006280	0x0000019C	[  7] ?Bd1394SendPacket@@YAXIPAU_STRING@@0@Z
0x0000641C	0x000002E5	[  7] ?Bd1394ConfigureDebuggerDevice@@YAIPBE@Z
0x00006701	0x00000494	[  7] ?Bd1394pInitializeController@@YAEI@Z
0x00006B95	0x00000052	[  7] ?Bd1394CloseDebuggerDevice@@YAIXZ
0x00006BE7	0x00000040	[  7] ?Bd1394pGetPhysicalAddress@@YA_KPAX@Z
0x00006C27	0x00000065	[  7] ?Bd1394pCalculateCrc@@YAGPAXI@Z
0x00006C8C	0x0000012A	[  8] ?BdUsbpLocateDebugPortRegister@@YAPAXPAU_DEBUG_USB_GLOBAL_DATA@@PAU_EFI_PCI_IO_PROTOCOL@@@Z
0x00006DB6	0x0000009F	[  8] ?BdUsbpClearAndWaitConnectChange@@YAEPAU_DEBUG_USB_GLOBAL_DATA@@I@Z
0x00006E55	0x00000050	[  8] ?BdUsbpWait@@YAEPAU_DEBUG_USB_GLOBAL_DATA@@I@Z
0x00006EA5	0x000001C7	[  8] ?BdUsbSendPacket@@YAXIPAU_STRING@@0@Z
0x0000706C	0x000000D7	[  8] ?BdUsbpSendBuffers@@YAXPAU_DEBUG_USB_GLOBAL_DATA@@PBU_DEBUG_USB_SEND_BUFFER@@I@Z
0x00007143	0x0000039D	[  8] ?BdUsbReceivePacket@@YAIIPAU_STRING@@0PAI@Z
0x000074E0	0x00000216	[  8] ?BdUsbpReadDebuggerPacket@@YAIPAU_DEBUG_USB_GLOBAL_DATA@@IPAU_KD_PACKET@@PAU_STRING@@2@Z
0x000076F6	0x00000056	[  8] ?BdUsbpSendControlPacket@@YAXPAU_DEBUG_USB_GLOBAL_DATA@@II@Z
0x0000774C	0x000003F0	[  8] ?BdUsbConfigureDebuggerDevice@@YAIPBE@Z
0x00007B3C	0x00000026	[  8] ?BdUsbCloseDebuggerDevice@@YAIXZ
0x00007B62	0x00000429	[  8] ?BdUsbpTryInitializeDevice@@YAEPAU_DEBUG_USB_GLOBAL_DATA@@EPAE@Z
0x00007F8B	0x00000078	[  8] ?BdUsbpHaltController@@YAEPAU_DEBUG_USB_GLOBAL_DATA@@@Z
0x00008003	0x00000158	[  8] ?BdUsbpControlWrite@@YAEPAU_DEBUG_USB_GLOBAL_DATA@@EPBU_DEBUG_USB_SETUP_PACKET@@PAXI@Z
0x0000815B	0x00000034	[  8] ?BdUsbpCheckReinitializeDevice@@YAEPAU_DEBUG_USB_GLOBAL_DATA@@@Z
0x0000818F	0x000001B8	[  8] ?BdUsbpReadPacketOnce@@YAIPAU_DEBUG_USB_GLOBAL_DATA@@PAXPAI@Z
0x00008347	0x000000D3	[  8] ?BdUsbpReinitializeDevice@@YAEPAU_DEBUG_USB_GLOBAL_DATA@@@Z
0x0000841A	0x000001BF	[  8] ?BdUsbpSendPacket@@YAIPAU_DEBUG_USB_GLOBAL_DATA@@PBXI@Z
0x000085D9	0x0000003A	[  9] ?DevPathGetSize@@YAIPAUEFI_DEVICE_PATH_PROTOCOL@@@Z
0x00008613	0x00000032	[  9] ?DevPathGetNodeCount@@YAIPAUEFI_DEVICE_PATH_PROTOCOL@@@Z
0x00008645	0x00000047	[  9] ?DevPathGetNode@@YAPAUEFI_DEVICE_PATH_PROTOCOL@@PAU1@EE@Z
0x0000868C	0x0000004D	[  9] ?DevPathDuplicate@@YAPAUEFI_DEVICE_PATH_PROTOCOL@@PAU1@@Z
0x000086D9	0x0000008B	[  9] ?DevPathAppendDevicePath@@YAPAUEFI_DEVICE_PATH_PROTOCOL@@PAU1@0@Z
0x00008764	0x000000D7	[  9] ?DevPathAppendFilePath@@YAPAUEFI_DEVICE_PATH_PROTOCOL@@PAU1@PBG@Z
0x0000883B	0x0000019E	[  9] ?DevPathAppendLastComponent@@YAPAUEFI_DEVICE_PATH_PROTOCOL@@PAU1@PBEE@Z
0x000089D9	0x000001A1	[  9] ?DevPathExtractFilePathName@@YAPAEPAUEFI_DEVICE_PATH_PROTOCOL@@E@Z
0x00008B7A	0x0000003D	[  9] ?DevPathHasMacAddressNode@@YAEPAUEFI_DEVICE_PATH_PROTOCOL@@@Z
0x00008BB7	0x00000033	[  9] ?DevPathGetDevicePathProtocol@@YAPAUEFI_DEVICE_PATH_PROTOCOL@@PAX@Z
0x00008BEA	0x00000049	[  9] ?DevPathGetPartitionNumber@@YAIPAUEFI_DEVICE_PATH_PROTOCOL@@@Z
0x00008C33	0x00000146	[  9] ?DevPathGetPartitionHandleByNumber@@YAPAXPAUEFI_DEVICE_PATH_PROTOCOL@@I@Z
0x00008D79	0x0000002B	[ 10] ?DevTreeInitialize@@YAIXZ
0x00008DA4	0x0000013C	[ 10] ?DevTreeAddChild@@YAPAU_DEVICE_TREE_NODE@@PAU1@PBE@Z
0x00008EE0	0x0000003B	[ 10] ?DevTreeGetName@@YAPBEPAU_DEVICE_TREE_NODE@@@Z
0x00008F1B	0x00000051	[ 10] ?DevTreeGetProperty@@YAPBXPAU_DEVICE_TREE_NODE@@PBEPAI@Z
0x00008F6C	0x000000DD	[ 10] ?DevTreeFindNode@@YAPAU_DEVICE_TREE_NODE@@PBEE@Z
0x00009049	0x00000121	[ 10] ?DevTreeAddProperty@@YAIPAU_DEVICE_TREE_NODE@@PBEPBXIE@Z
0x0000916A	0x0000008F	[ 10] ?DevTreeFinalize@@YAXXZ
0x000091F9	0x00000080	[ 10] ?DevTreeFlatten@@YAIPAPAXPAI@Z
0x00009279	0x00000080	[ 10] ?DevTreepFlattenNode@@YAPAEPAU_DEVICE_TREE_NODE@@PAE@Z
0x000092F9	0x00000213	[ 11] ?IoDetectRoot@@YAIPAPAXPAPAUEFI_DEVICE_PATH_PROTOCOL@@E@Z
0x0000950C	0x00000243	[ 11] ?IopDetectRoot@@YAIPAXPAUEFI_DEVICE_PATH_PROTOCOL@@E@Z
0x0000974F	0x0000022D	[ 11] ?IoLoadBooterWithRootUUID@@YAIPAUEFI_DEVICE_PATH_PROTOCOL@@PBEPAPAX@Z
0x0000997C	0x00000025	[ 11] ?IoBootingFromNet@@YAEXZ
0x000099A1	0x000001A6	[ 11] ?IoOpenFile@@YAIPBEPAUEFI_DEVICE_PATH_PROTOCOL@@PAU_IO_FILE_HANDLE@@I@Z
0x00009B47	0x0000002F	[ 11] ?IoSetFilePosition@@YAIPAU_IO_FILE_HANDLE@@_K@Z
0x00009B76	0x000000B4	[ 11] ?IoGetFileSize@@YAIPAU_IO_FILE_HANDLE@@PA_K@Z
0x00009C2A	0x000000B5	[ 11] ?IoGetFileInfo@@YAIPAU_IO_FILE_HANDLE@@PAPAUEFI_FILE_INFO@@@Z
0x00009CDF	0x000001B6	[ 11] ?IoReadFile@@YAIPAU_IO_FILE_HANDLE@@PAXIPAIE@Z
0x00009E95	0x00000052	[ 11] ?IoCloseFile@@YAXPAU_IO_FILE_HANDLE@@@Z
0x00009EE7	0x0000015F	[ 11] ?IoReadWholeFile@@YAIPAUEFI_DEVICE_PATH_PROTOCOL@@PBEPAPAEPAIE@Z
0x0000A046	0x00000193	[ 11] ?IopCheckRPS@@YAIPAU_EFI_FILE@@PAPAU1@@Z
0x0000A1D9	0x00000978	[ 12] ?FvLookupUnlockCoreVolumeKey@@YAIPAUEFI_DEVICE_PATH_PROTOCOL@@E@Z
0x0000AB51	0x000000D6	[ 12] ?FvFindCoreVolumeKey@@YAEPBEPAEI@Z
0x0000AC27	0x0000026C	[ 12] ?FvSetupDeviceTree@@YAIPA_KPAIE@Z
0x0000AE93	0x00000229	[ 12] ?FvpReadInput@@YAXPAPAEPAIIE@Z
0x0000B0BC	0x0000047B	[ 12] ?FvpDecryptVolumeKEKWithUserPassword@@YAIPAU_XML_TAG@@0PBE@Z
0x0000B537	0x0000005C	[ 12] ?FvpKeyUnwrapData@@YAEPBXIPAU_KEY_WRAPPED_DATA@@PAU_KEY_UNWRAPPED_DATA@@@Z
0x0000B593	0x000001BC	[ 12] ?FvpAESUnwrap@@YAEPBXI_K0IPAXPAI@Z
0x0000B74F	0x0000014D	[ 12] ?FvpVerifyKeyData@@YAEPAU_KEY_SIGN_DATA@@PBXI@Z
0x0000B89C	0x000001B8	[ 12] ?FvpHMACSHA256@@YAXPBXI0IPAE@Z
0x0000BA54	0x00000026	[ 13] ?isEfiNullGuid@@YAEPAUEFI_GUID@@@Z
0x0000BA7A	0x00001192	[ 14] ?HbpContinueResumeFromHibernate@@YAXPBEIE@Z
0x0000CC0C	0x00000470	[ 14] ?HbStartResumeFromHibernate@@YAEPAE@Z
0x0000D07C	0x00000079	[ 14] ?HbContinueResumeFromHibernate@@YAXPAEI@Z
0x0000D0F5	0x0000021A	[ 15] ?LdrpLoadDrivers@@YAIPBEE@Z
0x0000D30F	0x00000255	[ 15] ?LdrpLoadDriverPList@@YAIPBE0E@Z
0x0000D564	0x00000074	[ 15] ?LdrLoadDrivers@@YAIXZ
0x0000D5D8	0x00000160	[ 16] ?LdrSetupASLR@@YAXEE@Z
0x0000D738	0x00000010	[ 16] ?LdrGetASLRDisplacement@@YA_KXZ
0x0000D748	0x0000000A	[ 16] ?LdrGetKernelPathName@@YAPBEXZ
0x0000D752	0x0000000A	[ 16] ?LdrGetKernelCachePathName@@YAPBEXZ
0x0000D75C	0x0000000C	[ 16] ?LdrGetKernelCacheOverride@@YAEXZ
0x0000D768	0x0000001F	[ 16] ?LdrSetupKernelCachePath@@YAXPAUEFI_DEVICE_PATH_PROTOCOL@@PAEE@Z
0x0000D787	0x00000016	[ 16] ?LdrSetupKernelPath@@YAXPAUEFI_DEVICE_PATH_PROTOCOL@@PAE@Z
0x0000D79D	0x00000016	[ 16] ?LdrSetupRamDiskPath@@YAXPAUEFI_DEVICE_PATH_PROTOCOL@@PAE@Z
0x0000D7B3	0x00000750	[ 16] ?LdrLoadKernelCache@@YAIPAU_MACH_O_LOADED_INFO@@PAUEFI_DEVICE_PATH_PROTOCOL@@@Z
0x0000DF03	0x0000008D	[ 16] ?LdrLoadKernel@@YAIPAU_MACH_O_LOADED_INFO@@@Z
0x0000DF90	0x00000147	[ 16] ?LdrLoadRamDisk@@YAIXZ
0x0000E0D7	0x0000010E	[ 17] ?MachpLoadMachOThinFatFile@@YAIPAU_IO_FILE_HANDLE@@PA_KPAI@Z
0x0000E1E5	0x000001D3	[ 17] ?MachLoadThinFatFile@@YAIPAU_IO_FILE_HANDLE@@PA_KPAI@Z
0x0000E3B8	0x00000029	[ 17] ?MachpGetFirstSegment64@@YAPAU_SEGMENT_COMMAND64@@PAU_MACH_HEADER64@@@Z
0x0000E3E1	0x00000048	[ 17] ?MachpGetNextSegment64@@YAPAU_SEGMENT_COMMAND64@@PAU_MACH_HEADER64@@PAU1@@Z
0x0000E429	0x00000019	[ 17] ?MachpGetFirstSection64@@YAPAU_SECTION64@@PAU_SEGMENT_COMMAND64@@@Z
0x0000E442	0x00000036	[ 17] ?MachpGetNextSection64@@YAPAU_SECTION64@@PAU_SEGMENT_COMMAND64@@PAU1@@Z
0x0000E478	0x00000783	[ 17] ?MachLoadMachO@@YAIPAU_IO_FILE_HANDLE@@PAU_MACH_O_LOADED_INFO@@@Z
0x0000EBFB	0x00000144	[ 17] ?MachFindSymbolVirtualAddressByName@@YA_KPAU_MACH_O_LOADED_INFO@@PBE@Z
0x0000ED3F	0x00000CA9	[ 18] _EfiMain
0x0000F9E8	0x00000031	[ 19] ?MD5Init@@YAXPAU_MD5_CONTEXT@@@Z
0x0000FA19	0x0000010C	[ 19] ?MD5Update@@YAXPAU_MD5_CONTEXT@@PBXI@Z
0x0000FB25	0x00000642	[ 19] ?MD5pTransform@@YAXIIIIPBEPAU_MD5_CONTEXT@@@Z
0x00010167	0x000000B7	[ 19] ?MD5Final@@YAXPAEPAU_MD5_CONTEXT@@@Z
0x0001021E	0x00000063	[ 20] ?MmAllocatePool@@YAPAXI@Z
0x00010281	0x000000FB	[ 20] ?MmpInsertMemoryTag@@YAXPAX_K1@Z
0x0001037C	0x00000031	[ 20] ?MmFreePool@@YAXPAX@Z
0x000103AD	0x0000004D	[ 20] ?MmpRemoveMemoryTag@@YAXPAX_K@Z
0x000103FA	0x00000061	[ 20] ?MmAllocatePages@@YAPAXW4EFI_ALLOCATE_TYPE@@W4EFI_MEMORY_TYPE@@IPA_K@Z
0x0001045B	0x00000067	[ 20] ?MmFreePages@@YAX_K@Z
0x000104C2	0x00000048	[ 20] ?MmpFindMemoryTag@@YAPAU_MEMORY_TAG@@PAX_KPAPAU1@@Z
0x0001050A	0x00000007	[ 20] ?MmInitialize@@YAIXZ
0x00010511	0x0000018F	[ 20] ?MmAllocateKernelMemory@@YA_KPAIPA_K@Z
0x000106A0	0x000000C8	[ 20] ?MmFreeKernelMemory@@YAX_K0@Z
0x00010768	0x0000002F	[ 20] ?MmGetKernelPhysicalRange@@YAXPA_K0@Z
0x00010797	0x00000010	[ 20] ?MmGetKernelVirtualStart@@YA_KXZ
0x000107A7	0x000000D4	[ 21] ?MmGetMemoryMap@@YAIPAIPAPAUEFI_MEMORY_DESCRIPTOR@@000@Z
0x0001087B	0x0000005E	[ 21] ?MmGetRuntimeMemoryInfo@@YAIPAUEFI_MEMORY_DESCRIPTOR@@IIPA_K@Z
0x000108D9	0x00000068	[ 21] ?MmRemoveNonRuntimeDescriptors@@YAIPAUEFI_MEMORY_DESCRIPTOR@@PAII@Z
0x00010941	0x0000011F	[ 21] ?MmSortMemoryMap@@YAXPAUEFI_MEMORY_DESCRIPTOR@@II@Z
0x00010A60	0x00000214	[ 21] ?MmpCreateSubRegion@@YAXPAUEFI_MEMORY_DESCRIPTOR@@PAIIIPAPAU1@_K3@Z
0x00010C74	0x000005DD	[ 21] ?MmConvertPointers@@YAIPAUEFI_MEMORY_DESCRIPTOR@@PAIII_K22PA_KEPAU_MACH_O_LOADED_INFO@@@Z
0x00011251	0x00000010	[ 22] ?BlGetMemorySize@@YA_KXZ
0x00011261	0x00000060	[ 22] ?BlGetBoardId@@YAPAEXZ
0x000112C1	0x00000098	[ 22] ?BlConnectAllController@@YAIXZ
0x00011359	0x0000006C	[ 22] ?BlGetApplicationBaseAndSize@@YAIPA_K0@Z
0x000113C5	0x000000C3	[ 22] ?BlParseDeviceLocation@@YAXPBEPAI111@Z
0x00011488	0x00000090	[ 22] ?BlGetPciBarAttribute@@YAIPAU_EFI_PCI_IO_PROTOCOL@@EPA_K1PAE@Z
0x00011518	0x000001D2	[ 22] ?BlFindPciDevice@@YAIIIIIEEEPAPAU_EFI_PCI_IO_PROTOCOL@@PAPAX@Z
0x000116EA	0x0000005B	[ 22] ?BlStartPciDevice@@YAIPAU_EFI_PCI_IO_PROTOCOL@@EEE@Z
0x00011745	0x0000003C	[ 22] ?BlpGetStringFromSMBIOSTable@@YAPAEPAEE@Z
0x00011781	0x00000268	[ 22] ?BlDetectMemorySize@@YAIXZ
0x000119E9	0x00000107	[ 22] ?BlUnicodeToUtf8@@YAIPBGIPAEI@Z
0x00011AF0	0x0000004A	[ 22] ?BlUnicodeToAnsi@@YAIPBGIPAEI@Z
0x00011B3A	0x00000101	[ 22] ?BlUtf8ToUnicode@@YAIPBEIPAGI@Z
0x00011C3B	0x00000063	[ 22] ?BlAllocateUtf8FromUnicode@@YAPAEPBGI@Z
0x00011C9E	0x00000062	[ 22] ?BlAllocateUnicodeFromUtf8@@YAPAGPBEI@Z
0x00011D00	0x00000037	[ 22] ?BlAllocateString@@YAPAEPBE@Z
0x00011D37	0x0000002A	[ 22] ?BlConvertPathSeparator@@YAXPAEEE@Z
0x00011D61	0x000006DE	[ 22] ?BlUUIDStringToBuffer@@YAEPBEPAE@Z
0x0001243F	0x00000061	[ 22] ?BlCompareTime@@YAHPAUEFI_TIME@@0@Z
0x000124A0	0x000000D9	[ 22] ?BlAddOneSecond@@YAXPAUEFI_TIME@@@Z
0x00012579	0x0000019C	[ 22] ?BlEfiTimeToUnixTime@@YAIPBUEFI_TIME@@@Z
0x00012715	0x0000003A	[ 22] ?BlGetCurrentUnixTime@@YAIXZ
0x0001274F	0x00000092	[ 22] ?BlAdler32@@YAIPBXI@Z
0x000127E1	0x00000126	[ 22] ?BlDecompressLZSS@@YAIPBXIPAXIPAI@Z
0x00012907	0x00000BDD	[ 22] ?BlDecompressLZVN@@YAIPBXIPAXIPAI@Z
0x000134E4	0x000000D3	[ 23] ?NetGetRootMatchDict@@YAPBEPAUEFI_DEVICE_PATH_PROTOCOL@@@Z
0x000135B7	0x00000161	[ 23] ?NetSetupDeviceTree@@YAIPAX@Z
0x00013718	0x000000F8	[ 24] ?BlSetupKernelCommandLine@@YAPAEPBE00@Z
0x00013810	0x000000DC	[ 24] ?BlpCopyArgs@@YAXPAEPBE@Z
0x000138EC	0x0000000D	[ 24] ?BlTestBootMode@@YAII@Z
0x000138F9	0x00000564	[ 24] ?BlDetectHotKey@@YAIXZ
0x00013E5D	0x0000001A	[ 24] ?BlSetBootMode@@YAXII@Z
0x00013E77	0x00000728	[ 24] ?BlProcessOptions@@YAIPBEPAPAEPAUEFI_DEVICE_PATH_PROTOCOL@@2@Z
0x0001459F	0x000000A9	[ 24] ?BlpSetupPathFromVariable@@YAXPAPAUEFI_DEVICE_PATH_PROTOCOL@@PAPAEPBG@Z
0x00014648	0x00000112	[ 24] ?BlpSetupPathFromCommandLine@@YAIPAPAUEFI_DEVICE_PATH_PROTOCOL@@PAPAEPBE2PAU1@PAE@Z
0x0001475A	0x0000007A	[ 24] ?BlpReadKernelFlags@@YAIPAUEFI_DEVICE_PATH_PROTOCOL@@PBEPAPBE@Z
0x000147D4	0x000006EC	[ 25] ?BlShowPanicDialog@@YAXPAPAE@Z
0x00014EC0	0x00000029	[ 26] ?PeImageNtHeader@@YAPAUEFI_IMAGE_NT_HEADERS32@@PAX@Z
0x00014EE9	0x0000000B	[ 26] ?PeImageGetSize@@YAIPAX@Z
0x00014EF4	0x0000000B	[ 26] ?PeImageGetChecksum@@YAIPAX@Z
0x00014EFF	0x00000023	[ 26] ?PeImageGetEntryPoint@@YAPAXPAX@Z
0x00014F22	0x00000182	[ 27] ?PeInitialize@@YAIXZ
0x000150A4	0x0000011E	[ 27] ?PeGetModelName@@YAPBEXZ
0x000151C2	0x000006B2	[ 27] ?PeSetupDeviceTree@@YAIXZ
0x00015874	0x00000021	[ 28] _memcpy
0x00015895	0x0000001C	[ 28] _memset
0x000158B1	0x00000039	[ 28] _memcmp
0x000158EA	0x0000001D	[ 28] _wcslen
0x00015907	0x0000001B	[ 28] _strlen
0x00015922	0x00000025	[ 28] _strcmp
0x00015947	0x00000040	[ 28] _strcat
0x00015987	0x00000027	[ 28] _strcpy
0x000159AE	0x00000056	[ 28] _strnicmp
0x00015A04	0x00000042	[ 28] _strncpy
0x00015A46	0x00000044	[ 28] _strstr
0x00015A8A	0x00000030	[ 28] _snprintf
0x00015ABA	0x00000729	[ 28] _vsnprintf
0x000161E3	0x0000006D	[ 28] _atoi
0x00016250	0x00000095	[ 28] _atoi64
0x000162E5	0x00000097	[ 28] _strtoul64_base16
0x0001637C	0x0000004D	[ 29] ?SHA256_Init@@YAXPAU_SHA256_CONTEXT@@@Z
0x000163C9	0x000000B0	[ 29] ?SHA256_Update@@YAXPBXIPAU_SHA256_CONTEXT@@@Z
0x00016479	0x00002733	[ 29] ?SHA256_Transform@@YAXPBEPAU_SHA256_CONTEXT@@@Z
0x00018BAC	0x00000179	[ 29] ?SHA256_Final@@YAXPAEPAU_SHA256_CONTEXT@@@Z
0x00018D25	0x0000004B	[ 29] ?SHA256@@YAXPBXIPAE@Z
0x00018D70	0x000000D7	[ 30] ?AcpipGetTable@@YAPBXI@Z
0x00018E47	0x00000015	[ 30] ?AcpiGetFixedAcpiDescriptionTable@@YAPBXXZ
0x00018E5C	0x0000004E	[ 30] ?AcpiGetPciConfigSpaceInfo@@YAIPA_KPAI1@Z
0x00018EAA	0x0000004A	[ 30] ?AcpiGetMachineSignature@@YAIPAI@Z
0x00018EF4	0x000000EB	[ 30] ?AcpiDetectNVSMemory@@YAXXZ
0x00018FDF	0x0000034C	[ 30] ?AcpiAdjustMemoryMap@@YAIPAUEFI_MEMORY_DESCRIPTOR@@II@Z
0x0001932B	0x000003B6	[ 31] _aes_cbc_decrypt
0x000196E1	0x00000047	[ 31] _via_cbc_op6
0x00019728	0x0000045A	[ 32] _aes_encrypt_key128
0x00019B82	0x000000A3	[ 32] _via_ace_test
0x00019C25	0x00000485	[ 32] _aes_encrypt_key192
0x0001A0AA	0x00000636	[ 32] _aes_encrypt_key256
0x0001A6E0	0x00000083	[ 32] _aes_encrypt_key
0x0001A763	0x000007C9	[ 32] _aes_decrypt_key128
0x0001AF2C	0x00000908	[ 32] _aes_decrypt_key192
0x0001B834	0x00000D68	[ 32] _aes_decrypt_key256
0x0001C59C	0x00000083	[ 32] _aes_decrypt_key
0x0001C61F	0x0000005B	[ 34] _xts_start
0x0001C67A	0x00000068	[ 34] _aesedp_setup
0x0001C6E2	0x00000197	[ 34] _xts_decrypt
0x0001C879	0x00000071	[ 34] _tweak_uncrypt
0x0001C8EA	0x00000029	[ 34] _xts_mult_x
0x0001C913	0x00000005	[ 34] _xts_done
0x0001C920	0x00000063	[ 35] _aes_encrypt
0x0001C983	0x000001A2	[ 35] _aes_encrypt.1
0x0001CB25	0x000001A2	[ 35] _aes_encrypt.2
0x0001CCC7	0x00000837	[ 35] _aes_encrypt.3
0x0001D4FE	0x00000022	[ 35] _aes_encrypt.5
0x0001D520	0x00000066	[ 35] _aes_decrypt
0x0001D586	0x000001A4	[ 35] _aes_decrypt.1
0x0001D72A	0x000001A4	[ 35] _aes_decrypt.2
0x0001D8CE	0x00000842	[ 35] _aes_decrypt.3
0x0001E110	0x00000014	[ 35] _aes_decrypt.5
0x0001E124	0x00000021	[ 40] ?ArchInitialize0@@YAIXZ
0x0001E145	0x00000015	[ 40] ?ArchCheck64BitCpu@@YAIXZ
0x0001E15A	0x0000001B	[ 40] ?ArchCpuId@@YAXIPAI000@Z
0x0001E175	0x00000025	[ 40] ?ArchHardwareRandom@@YAIXZ
0x0001E19A	0x00000022	[ 40] ?ArchGetCpuTick@@YA_KXZ
0x0001E1BC	0x00000017	[ 40] ?ArchStartKernel@@YAXPAX0@Z
0x0001E1D3	0x0000001D	[ 40] ?MmTranslateVirtualAddress@@YAEPAXPA_K@Z
0x0001E1F0	0x00000007	[ 40] ?ArchGetSegCs@@YAIXZ
0x0001E1F7	0x0000000F	[ 40] ?ArchGetIdtRegister@@YAXPAU_DESCRIPTOR@@@Z
0x0001E206	0x0000000F	[ 40] ?ArchSetIdtRegister@@YAXPAU_DESCRIPTOR@@@Z
0x0001E215	0x00000034	[ 40] ?ArchSetIdtEntry@@YAXIIIPAXI@Z
0x0001E249	0x00000005	[ 40] ?ArchSweepIcacheRange@@YAXPAXI@Z
0x0001E24E	0x0000000D	[ 40] ?ARCH_READ_PORT_UINT8@@YAEPAE@Z
0x0001E25B	0x0000000F	[ 40] ?ARCH_READ_PORT_UINT16@@YAGPAG@Z
0x0001E26A	0x0000000A	[ 40] ?ARCH_READ_PORT_UINT32@@YAIPAI@Z
0x0001E274	0x00000012	[ 40] ?ARCH_WRITE_PORT_UINT8@@YAXPAEE@Z
0x0001E286	0x00000016	[ 40] ?ARCH_WRITE_PORT_UINT16@@YAXPAGG@Z
0x0001E29C	0x00000012	[ 40] ?ARCH_WRITE_PORT_UINT32@@YAXPAII@Z
0x0001E2AE	0x0000000A	[ 40] ?ARCH_READ_REGISTER_UINT32@@YAIPAI@Z
0x0001E2B8	0x00000013	[ 40] ?ARCH_WRITE_REGISTER_UINT32@@YAXPAII@Z
0x0001E2CB	0x00000010	[ 41] __aullshr
0x0001E2DB	0x0000000B	[ 41] MORE32
0x0001E2E6	0x00000006	[ 41] RETSIGN
0x0001E2EC	0x000000AA	[ 41] __alldiv
0x0001E396	0x00000068	[ 41] __aulldiv
0x0001E3FE	0x0000008C	[ 41] __aullrem
0x0001E48A	0x0000000A	[ 41] MORE32A
0x0001E494	0x00000005	[ 41] RETZEROA
0x0001E499	0x000000B5	[ 41] __allrem
0x0001E54E	0x00000019	[ 41] __aullmul
0x0001E567	0x0000001B	[ 41] HARD
0x0001E582	0x00000010	[ 41] __allshr
0x0001E592	0x0000000B	[ 41] MORE32B
0x0001E59D	0x00000006	[ 41] RETSIGNB
0x0001E5A3	0x00000095	[ 41] __aulldvrm
0x0001E638	0x000000DF	[ 41] __alldvrm
0x0001E717	0x00000015	[ 41] __chkstk
0x0001E72C	0x00000005	[ 41] BIG_STACK
0x0001E731	0x00000023	[ 41] TOUCH_STACK
0x0001E754	0x00000002	[ 41] __alloca_probe_16
0x0001E756	0x00000003	[ 41] __except_handler3
0x0001E759	0x00000007	[ 41] __SEH_epilog
0x0001E760	0x0000002E	[ 41] __SEH_prolog
0x0001E78E	0x000000C3	[ 42] ?ArchSetupThunkCode0@@YAX_KPAU_MACH_O_LOADED_INFO@@@Z
0x0001E851	0x00000378	[ 42] ?ArchSetupThunkCode1@@YAXPA_K_K@Z
0x0001EBC9	0x0000011C	[ 42] ?ArchInitialize1@@YAIXZ
0x0001ECE5	0x00000039	[ 42] ?ArchpVirtualAddressChanged@@YAXPAX0@Z
0x0001ED1E	0x00000003	[ 43] ?DbgBreakPoint@@YAXXZ
0x0001ED21	0x00000038	[ 43] ?DbgService@@YAXIIIII@Z
0x0001ED59	0x00000021	[ 43] ?DbgService@@YAXPAX0I@Z
0x0001ED7A	0x00000018	[ 43] _BdpTrapExit
0x0001ED92	0x00000066	[ 43] _BdpTrapDispatch
0x0001EDF8	0x00000035	[ 43] ?BdTrap01@@YAXXZ
0x0001EE2D	0x00000036	[ 43] ?BdTrap03@@YAXXZ
0x0001EE63	0x00000037	[ 43] ?BdTrap0d@@YAXXZ
0x0001EE9A	0x00000039	[ 43] ?BdTrap0e@@YAXXZ
0x0001EED3	0x0000003C	[ 43] ?BdTrap2d@@YAXXZ
0x0001EF0F	0x0000007E	[ 43] ?BdpSaveProcessorControlState@@YAXPAU_KPROCESSOR_STATE@@@Z
0x0001EF8D	0x00000188	[ 43] ?BdTrap@@YAEPAU_EXCEPTION_RECORD@@PAU_KEXCEPTION_FRAME@@PAU_KTRAP_FRAME@@@Z
0x0001F115	0x000000C2	[ 43] ?BdpSaveKframe@@YAXPAU_KTRAP_FRAME@@PAU_CONTEXT@@@Z
0x0001F1D7	0x00000090	[ 43] ?BdpRestoreKframe@@YAXPAU_KTRAP_FRAME@@PAU_CONTEXT@@@Z
0x0001F267	0x0000004D	[ 43] ?BdGetStateChange@@YAXPAU_DBGKD_MANIPULATE_STATE64@@PAU_CONTEXT@@@Z
0x0001F2B4	0x00000078	[ 43] ?BdSetContextState@@YAXPAU_DBGKD_WAIT_STATE_CHANGE64@@PAU_CONTEXT@@@Z
0x0001F32C	0x0000009D	[ 43] ?BdReadControlSpace@@YAXPAU_DBGKD_MANIPULATE_STATE64@@PAU_STRING@@PAU_CONTEXT@@@Z
0x0001F3C9	0x00000093	[ 43] ?BdWriteControlSpace@@YAXPAU_DBGKD_MANIPULATE_STATE64@@PAU_STRING@@PAU_CONTEXT@@@Z
0x0001F45C	0x000000D6	[ 43] ?BdSetCommonState@@YAXIPAU_CONTEXT@@PAU_DBGKD_WAIT_STATE_CHANGE64@@@Z
0x0001F532	0x00000008	[ 43] ?BdTranslatePhysicalAddress@@YAPAX_K@Z
0x0001F53A	0x0000016B	[ 43] ?BdArchInitialize@@YAIXZ
0x0001F6A5	0x00000045	[ 43] ?BdArchDestroy@@YAIXZ
0x0001F6EA	0x0000006E	[ 43] ?BdpRestoreProcessorControlState@@YAXPAU_KPROCESSOR_STATE@@@Z
0x0001F758	0x00000051	[  1] literal string: |$$$}rstuvwxyz{$$$$$$$>?@ABCDEFGHIJKLMNOPQRSTUVW$$$$$$XYZ[\]^_`abcdefghijklmnopq
0x0001F7A9	0x0000002C	[  2] literal string: PIKE: bootArgs->PhysicalMemorySize= 0x%llx\n
0x0001F7D5	0x0000000E	[  2] literal string: /efi/platform
0x0001F7E3	0x0000000D	[  2] literal string: FSBFrequency
0x0001F7F0	0x00000002	[  2] literal string: /
0x0001F7F2	0x00000005	[  2] literal string: ACPI
0x0001F7F7	0x0000000B	[  2] literal string: compatible
0x0001F802	0x00000006	[  2] literal string: model
0x0001F808	0x00000008	[  2] literal string: /chosen
0x0001F810	0x00000013	[  2] literal string: /chosen/memory-map
0x0001F823	0x00000003	[  2] literal string: rd
0x0001F826	0x0000000B	[  2] literal string: Root Match
0x0001F831	0x0000000A	[  2] literal string: Root UUID
0x0001F83B	0x00000009	[  2] literal string: net-boot
0x0001F844	0x0000000A	[  2] literal string: boot-uuid
0x0001F84E	0x0000000E	[  2] literal string: root-matching
0x0001F85C	0x0000000A	[  2] literal string: boot-file
0x0001F866	0x00000011	[  2] literal string: boot-device-path
0x0001F877	0x0000000F	[  2] literal string: boot-file-path
0x0001F886	0x00000010	[  2] literal string: bootroot-active
0x0001F896	0x0000000C	[  2] literal string: random-seed
0x0001F8A2	0x0000000A	[  2] literal string: boot-args
0x0001F8AC	0x0000000D	[  2] literal string: bootbase.efi
0x0001F8B9	0x0000000C	[  2] literal string: booter-name
0x0001F8C5	0x00000009	[  2] literal string: boot.efi
0x0001F8CE	0x0000000C	[  2] literal string: version:307
0x0001F8DA	0x0000000F	[  2] literal string: booter-version
0x0001F8E9	0x0000001D	[  2] literal string: Fri Sep  4 15:34:00 PDT 2015
0x0001F906	0x00000012	[  2] literal string: booter-build-time
0x0001F918	0x00000014	[  2] literal string: boot-ramdmg-extents
0x0001F92C	0x00000011	[  2] literal string: boot-ramdmg-size
0x0001F93D	0x0000000C	[  3] literal string: /debug=1394
0x0001F949	0x0000000B	[  3] literal string: /debug=usb
0x0001F954	0x00000026	[  3] literal string: User requested boot debugger break!\n
0x0001F97A	0x0000003E	[  3] literal string: <?dml?><col fg="changed">BD: Boot Debugger Initialized</col>\n
0x0001F9B8	0x00000007	[  3] literal string: /break
0x0001F9BF	0x00000005	[  4] literal string: dict
0x0001F9C4	0x00000004	[  4] literal string: key
0x0001F9C8	0x00000007	[  4] literal string: string
0x0001F9CF	0x00000008	[  4] literal string: integer
0x0001F9D7	0x00000005	[  4] literal string: data
0x0001F9DC	0x00000005	[  4] literal string: date
0x0001F9E1	0x00000006	[  4] literal string: array
0x0001F9E7	0x00000004	[  4] literal string: <%a
0x0001F9EB	0x00000002	[  4] literal string: >
0x0001F9ED	0x00000003	[  4] literal string: %d
0x0001F9F0	0x00000006	[  4] literal string: </%a>
0x0001F9F6	0x00000003	[  4] literal string: />
0x0001F9F9	0x00000005	[  4] literal string: &lt;
0x0001F9FE	0x00000005	[  4] literal string: &gt;
0x0001FA03	0x00000006	[  4] literal string: &amp;
0x0001FA09	0x00000007	[  4] literal string: plist 
0x0001FA10	0x00000006	[  4] literal string: dict/
0x0001FA16	0x00000007	[  4] literal string: false/
0x0001FA1D	0x00000006	[  4] literal string: true/
0x0001FA23	0x00000007	[  4] literal string: array/
0x0001FA2A	0x00000011	[  5] literal string: Background Color
0x0001FA3B	0x0000000B	[  5] literal string: FailedCLUT
0x0001FA46	0x0000000C	[  5] literal string: FailedImage
0x0001FA52	0x0000000A	[  5] literal string: Boot Logo
0x0001FA5C	0x0000000F	[  5] literal string: Boot Fail Logo
0x0001FA6B	0x00000010	[  5] literal string: Boot Logo Scale
0x0001FA7B	0x0000000A	[  7] literal string: /channel=
0x0001FA85	0x0000000E	[  7] literal string: /connectwait=
0x0001FA93	0x0000000C	[  7] literal string: /connectall
0x0001FA9F	0x0000001C	[  7] literal string: handle protocol %08x, %08x\n
0x0001FABB	0x00000024	[  8] literal string: waiting debug device ...(0x%08x -> 
0x0001FADF	0x00000010	[  8] literal string: 0x%08x) [DONE]\n
0x0001FAEF	0x0000000F	[  8] literal string: [RECV] resend\n
0x0001FAFE	0x00000017	[  8] literal string: [RECV] control resend\n
0x0001FB15	0x00000022	[  8] literal string: [RECV] ACK %08x %08x, %08x, %08x\n
0x0001FB37	0x00000037	[  8] literal string: [RECV] control ack %08x, next to send %08x, wait %08x\n
0x0001FB6E	0x00000016	[  8] literal string: [RECV] control reset\n
0x0001FB84	0x00000027	[  8] literal string: [RECV] control unknown %08x %08x %08x\n
0x0001FBAB	0x0000001F	[  8] literal string: [RECV] invalid size %08x %08x\n
0x0001FBCA	0x00000024	[  8] literal string: [RECV] not expected type %08x %08x\n
0x0001FBEE	0x00000018	[  8] literal string: [RECV] invalid id %08x\n
0x0001FC06	0x00000022	[  8] literal string: [RECV] not expected id %08x %08x\n
0x0001FC28	0x00000023	[  8] literal string: [RECV] invalid checksum %08x %08x\n
0x0001FC4B	0x0000000D	[  8] literal string: /targetname=
0x0001FC58	0x00000009	[  8] literal string: /waitusb
0x0001FC61	0x00000006	[  8] literal string: NAME?
0x0001FC67	0x00000006	[  8] literal string: NAME=
0x0001FC6D	0x0000001A	[  8] literal string: [RECV] small length %08x\n
0x0001FC87	0x00000010	[  8] literal string: [READ] timeout\n
0x0001FC97	0x0000000E	[  8] literal string: [READ] STALL\n
0x0001FCA5	0x00000026	[  8] literal string: [READ] invalid pid %08x, %08x, 0x08%\n
0x0001FCCB	0x00000019	[  8] literal string: [READ] max retry 0x%08x\n
0x0001FCE4	0x0000001A	[  8] literal string: reinitialize device %08x\n
0x0001FCFE	0x00000005	[ 10] literal string: name
0x0001FD03	0x00000007	[ 10] literal string: (null)
0x0001FD0A	0x0000003D	[ 11] literal string: Library\Preferences\SystemConfiguration\com.apple.Boot.plist
0x0001FD47	0x0000000F	[ 12] literal string: VolumeKeyIdent
0x0001FD56	0x00000015	[ 12] literal string: efilogin-reset-ident
0x0001FD6B	0x00000016	[ 12] literal string: efilogin-unlock-ident
0x0001FD81	0x00000014	[ 12] literal string: efilogin-user-ident
0x0001FD95	0x00000009	[ 12] literal string: \nLogin: 
0x0001FD9E	0x0000004D	[ 12] literal string: 	1.Enter password\n	2.Reset password with recovery key\n	3.Reboot\n	4.Shutdown\n
0x0001FDEB	0x0000000B	[ 12] literal string: Password: 
0x0001FDF6	0x00000020	[ 12] literal string: Login failed: invalid password\n
0x0001FE16	0x0000000F	[ 12] literal string: Recovery key: 
0x0001FE25	0x00000024	[ 12] literal string: Login failed: invalid recovery key\n
0x0001FE49	0x0000001C	[ 12] literal string: Login failed: invalid user\n
0x0001FE65	0x00000016	[ 12] literal string: KeyEncryptingKeyIdent
0x0001FE7B	0x0000001A	[ 12] literal string: KEKWrappedVolumeKeyStruct
0x0001FE95	0x0000000C	[ 12] literal string: WrapVersion
0x0001FEA1	0x0000001B	[ 12] literal string: PassphraseWrappedKEKStruct
0x0001FEBC	0x0000000A	[ 12] literal string: UserIdent
0x0001FEC6	0x0000000C	[ 12] literal string: CryptoUsers
0x0001FED2	0x0000000E	[ 12] literal string: UserNamesData
0x0001FEE0	0x00000011	[ 12] literal string: ExternalKeyProps
0x0001FEF1	0x00000014	[ 12] literal string: revert-user-version
0x0001FF05	0x00000014	[ 12] literal string: KeyWrappedKEKStruct
0x0001FF19	0x0000000F	[ 12] literal string: WrapperVersion
0x0001FF28	0x00000048	[ 12] literal string: System\Library\Caches\com.apple.corestorage\EncryptedRoot.plist.wipekey
0x0001FF70	0x0000001C	[ 12] literal string: EncryptedRoot.plist.wipekey
0x0001FF8C	0x00000012	[ 12] literal string: WrappedVolumeKeys
0x0001FF9E	0x00000009	[ 12] literal string: UserType
0x0001FFA7	0x00000012	[ 14] literal string: IOScreenLockState
0x0001FFB9	0x0000000F	[ 15] literal string: %s\%s\Contents
0x0001FFC8	0x00000001	[ 15] literal string: 
0x0001FFC9	0x00000010	[ 15] literal string: %s\%s\%sPlugIns
0x0001FFD9	0x0000001A	[ 15] literal string: System\Library\Extensions
0x0001FFF3	0x00000009	[ 15] literal string: %s\%s\%s
0x0001FFFC	0x00000013	[ 15] literal string: %s\%s\%sInfo.plist
0x0002000F	0x00000011	[ 15] literal string: OSBundleRequired
0x00020020	0x0000000A	[ 15] literal string: Safe Boot
0x0002002A	0x00000030	[ 16] literal string: System\Library\PrelinkedKernels\prelinkedkernel
0x0002005A	0x00000044	[ 16] literal string: System\Library\Caches\com.apple.kext.caches\Startup\prelinkedkernel
0x0002009E	0x00000040	[ 16] literal string: System\Library\Caches\com.apple.kext.caches\Startup\kernelcache
0x000200DE	0x00000019	[ 16] literal string: boot-kernelcache-adler32
0x000200F7	0x00000008	[ 16] literal string: RAMDisk
0x000200FF	0x00000033	[ 17] literal string: Booting from 32-bit kernelcache is not supported.\n
0x00020132	0x00000007	[ 17] literal string: __TEXT
0x00020139	0x00000007	[ 17] literal string: __DATA
0x00020140	0x00000006	[ 17] literal string: __KLD
0x00020146	0x0000000B	[ 17] literal string: __LINKEDIT
0x00020151	0x0000001E	[ 17] literal string: __ZN6OSKext14loadExecutableEv
0x0002016F	0x0000000A	[ 17] literal string: _IdlePML4
0x00020179	0x00000034	[ 17] literal string: Only 64-bit version of LC_UNIXTHREAD is supported.\n
0x000201AD	0x0000000B	[ 18] literal string: /runapple=
0x000201B8	0x0000000C	[ 18] literal string: /detectboot
0x000201C4	0x0000000E	[ 18] literal string: \.IABootFiles
0x000201D2	0x00000013	[ 18] literal string: \OS X Install Data
0x000201E5	0x00000018	[ 18] literal string: com.apple.recovery.boot
0x000201FD	0x00000019	[ 18] literal string: System\Installation\CDIS
0x00020216	0x00000004	[ 18] literal string: VMM
0x0002021A	0x00000016	[ 18] literal string: PlatformSupport.plist
0x00020230	0x00000032	[ 18] literal string: System\Library\CoreServices\PlatformSupport.plist
0x00020262	0x00000012	[ 18] literal string: SupportedBoardIds
0x00020274	0x00000006	[ 22] literal string: /seg=
0x0002027A	0x00000006	[ 22] literal string: /bus=
0x00020280	0x00000006	[ 22] literal string: /dev=
0x00020286	0x00000007	[ 22] literal string: /func=
0x0002028D	0x00000005	[ 22] literal string: _SM_
0x00020292	0x00000005	[ 23] literal string: %02x
0x00020297	0x0000000E	[ 23] literal string: dhcp-response
0x000202A5	0x0000000E	[ 23] literal string: bsdp-response
0x000202B3	0x00000003	[ 24] literal string: -x
0x000202B6	0x00000003	[ 24] literal string: -s
0x000202B9	0x00000003	[ 24] literal string: -v
0x000202BC	0x00000003	[ 24] literal string: -f
0x000202BF	0x00000006	[ 24] literal string: srv=1
0x000202C5	0x00000013	[ 24] literal string: x86_64\kernelcache
0x000202D8	0x00000007	[ 24] literal string: Kernel
0x000202DF	0x00000007	[ 24] literal string: kernel
0x000202E6	0x0000000D	[ 24] literal string: Kernel Cache
0x000202F3	0x00000009	[ 24] literal string: RAM Disk
0x000202FC	0x00000011	[ 24] literal string: -no_compat_check
0x0002030D	0x00000011	[ 24] literal string: -no_panic_dialog
0x0002031E	0x00000007	[ 24] literal string: -debug
0x00020325	0x00000006	[ 24] literal string: slide
0x0002032B	0x0000001E	[ 24] literal string: System\Library\Kernels\kernel
0x00020349	0x00000015	[ 24] literal string: com.apple.Boot.plist
0x0002035E	0x00000007	[ 24] literal string: config
0x00020365	0x0000000F	[ 24] literal string: com.apple.Boot
0x00020374	0x00000029	[ 24] literal string: Library\Preferences\SystemConfiguration\
0x0002039D	0x00000007	[ 24] literal string: .plist
0x000203A4	0x0000000D	[ 24] literal string: Kernel Flags
0x000203B1	0x00000002	[ 24] literal string:  
0x000203B3	0x00000002	[ 25] literal string: \n
0x000203B5	0x00000041	[ 25] literal string: ***************************************************************\n
0x000203F6	0x00000034	[ 25] literal string: This system was automatically rebooted after panic\n
0x0002042A	0x00000041	[ 25] literal string: Panic loop detected (%d in %3d seconds).  System will shutdown.\n
0x0002046B	0x00000041	[ 25] literal string: Try booting into the Recovery HD volume by holding Command + R.\n
0x000204AC	0x0000000A	[ 27] literal string: system-id
0x000204B6	0x00000006	[ 27] literal string: Model
0x000204BC	0x00000008	[ 27] literal string: %s%d,%d
0x000204C4	0x00000012	[ 27] literal string: machine-signature
0x000204D6	0x00000019	[ 27] literal string: /efi/configuration-table
0x000204EF	0x00000031	[ 27] literal string: %08X-%04X-%04X-%02X%02X-%02X%02X%02X%02X%02X%02X
0x00020520	0x00000005	[ 27] literal string: guid
0x00020525	0x0000000D	[ 27] literal string: Mac-F4208DC8
0x00020532	0x0000000D	[ 27] literal string: Mac-F4208DA9
0x0002053F	0x0000000D	[ 27] literal string: Mac-F42187C8
0x0002054C	0x0000000D	[ 27] literal string: Mac-F223BEC8
0x00020559	0x00000006	[ 27] literal string: table
0x0002055F	0x00000008	[ 27] literal string: ACPI_20
0x00020567	0x00000006	[ 27] literal string: alias
0x0002056D	0x00000016	[ 27] literal string: /efi/runtime-services
0x00020583	0x00000005	[ 27] literal string: /efi
0x00020588	0x00000010	[ 27] literal string: firmware-vendor
0x00020598	0x00000012	[ 27] literal string: firmware-revision
0x000205AA	0x00000006	[ 27] literal string: EFI64
0x000205B0	0x00000006	[ 27] literal string: EFI32
0x000205B6	0x0000000D	[ 27] literal string: firmware-abi
0x000205C3	0x00000012	[ 27] literal string: device-properties
0x000205D5	0x0000001A	[ 27] literal string: /efi/kernel-compatibility
0x000205EF	0x00000007	[ 27] literal string: x86_64
0x000205F6	0x0000000E	[ 28] literal string: <null string>
0x00020604	0x00000011	[ 28] literal string: 0123456789abcdef
0x00020615	0x00000011	[ 28] literal string: 0123456789ABCDEF
0x00020626	0x00000023	[ 42] literal string: PIKE:ArchSetupThunkCode0(0x%llx)!\n
0x00020649	0x00000025	[ 42] literal string: PIKE: ArchSetupThunkCode0 - 0x%llx!\n
0x0002066E	0x00000026	[ 42] literal string: PIKE: ArchSetupThunkCode01 - 0x%llx!\n
0x000206A0	0x00000024	[  2] l_.str22
0x000206C4	0x00000012	[  3] l_.str5
0x000206D6	0x00000020	[  5] l_.str
0x000206F6	0x00000010	[  5] l_.str1
0x00020706	0x0000001C	[  5] l_.str2
0x00020722	0x00000022	[  5] l_.str3
0x00020744	0x00000006	[  5] l_.str5
0x0002074A	0x0000000A	[  5] l_.str6
0x00020754	0x00000040	[  5] l_.str7
0x00020794	0x00000022	[ 11] l_.str3
0x000207B6	0x00000022	[ 11] l_.str4
0x000207D8	0x00000022	[ 11] l_.str5
0x000207FA	0x0000001C	[ 11] l_.str6
0x00020816	0x00000026	[ 11] l_.str7
0x0002083C	0x00000032	[ 11] l_.str8
0x0002086E	0x0000003E	[ 11] l_.str9
0x000208AC	0x00000024	[ 11] l_.str10
0x000208D0	0x00000024	[ 11] l_.str11
0x000208F4	0x00000024	[ 11] l_.str12
0x00020918	0x0000002E	[ 11] l_.str13
0x00020946	0x00000038	[ 11] l_.str14
0x0002097E	0x00000044	[ 11] l_.str15
0x000209C2	0x0000004C	[ 11] l_.str19
0x00020A0E	0x0000003C	[ 11] l_.str20
0x00020A4A	0x00000038	[ 11] l_.str21
0x00020A82	0x00000006	[ 12] l_.str19
0x00020A88	0x00000004	[ 12] l_.str20
0x00020A8C	0x0000001E	[ 14] l_.str4
0x00020AAA	0x0000001E	[ 14] l_.str6
0x00020AC8	0x00000022	[ 14] l_.str7
0x00020AEA	0x00000016	[ 14] l_.str9
0x00020B00	0x00000044	[ 18] l_.str6
0x00020B44	0x00000008	[ 18] l_.str13
0x00020B4C	0x00000008	[ 18] l_.str15
0x00020B54	0x00000022	[ 18] l_.str17
0x00020B76	0x00000026	[ 24] l_.str5
0x00020B9C	0x00000014	[ 24] l_.str7
0x00020BB0	0x00000034	[ 24] l_.str8
0x00020BE4	0x00000026	[ 24] l_.str9
0x00020C0A	0x00000024	[ 24] l_.str26
0x00020C2E	0x00000018	[ 24] l_.str27
0x00020C46	0x00000024	[ 25] l_.str
0x00020C6A	0x00000024	[ 25] l_.str8
0x00020C8E	0x0000001C	[ 28] l_.str
0x00020CAA	0x00000022	[ 30] l_.str
0x00020CCC	0x0000002A	[ 30] l_.str1
0x00020CF6	0x00000026	[ 30] l_.str2
0x00020D1C	0x00000012	[ 42] l_.str4
0x00020D40	0x00000005	[  2] ?uuidFormat@?1??BlpRootUUIDFromDisk@@YAPBEPAXPAEI@Z@3PAEA
0x00020D48	0x000000A4	[  3] lJTI7_0
0x00020DEC	0x0000000C	[  3] ?pciReadWriteLength@?1??BdpReadWritePciConfigSpace@@YAXIIIIPAXIE@Z@4PAIA
0x00020DF8	0x00000040	[  3] ?pciReadWriteType@?1??BdpReadWritePciConfigSpace@@YAXIIIIPAXIE@Z@4PAY03IA
0x00020E38	0x00000070	[  5] _HbpProgressAlpha
0x00020EA8	0x00000050	[  5] ?imageInfo@?1??CspConvertLogoImage@@YAIEPAPAUEFI_UGA_PIXEL@@PAI1@Z@4PAU_builtin_image_info@?1??1@YAIE011@Z@A
0x00020EF8	0x00000400	[  6] _BlpCrc32Table
0x000212F8	0x00000024	[  7] lJTI2_0
0x0002131C	0x00000010	[  7] ?firewireProtocolGuid@?1??Bd1394ConfigureDebuggerDevice@@YAIPBE@Z@3UEFI_GUID@@A
0x0002132C	0x00000024	[  8] lJTI3_0
0x00021350	0x0000001C	[ 11] ?checkFileName@?1??IopFindBootDevice@@YAIPAPAXPAPAUEFI_DEVICE_PATH_PROTOCOL@@@Z@4PAPAGA
0x0002136C	0x0000001C	[ 11] ?booterName@?1??IopFindBootDevice@@YAIPAPAXPAPAUEFI_DEVICE_PATH_PROTOCOL@@@Z@4PAPAGA
0x00021388	0x00000010	[ 12] lJTI0_0
0x00021398	0x0000000A	[ 15] l_.str1
0x000213A2	0x00000010	[ 15] ?contentsMacOSDir@?1??LdrpLoadDriverPList@@YAIPBE0E@Z@4QBEB
0x000213B4	0x00000014	[ 16] lJTI8_0
0x000213C8	0x00000040	[ 19] ?paddingBuffer@?1??MD5Final@@YAXPAEPAU_MD5_CONTEXT@@@Z@4QBEB
0x00021408	0x00000030	[ 22] lJTI26_0
0x00021438	0x0000002C	[ 22] lJTI26_1
0x00021464	0x00000070	[ 22] ?cumulativeDays@?1??BlEfiTimeToUnixTime@@YAIPBUEFI_TIME@@@Z@4PAY0O@IA
0x000214D4	0x00000200	[ 22] ?caseTable@?1??BlDecompressLZVN@@YAIPBXIPAXIPAI@Z@4PAFA
0x000216D4	0x000000AC	[ 23] ?part1Text@?1??NetGetRootMatchDict@@YAPBEPAUEFI_DEVICE_PATH_PROTOCOL@@@Z@4QBEB
0x00021780	0x0000001D	[ 23] ?part2Text@?1??NetGetRootMatchDict@@YAPBEPAUEFI_DEVICE_PATH_PROTOCOL@@@Z@4QBEB
0x000217A0	0x0000001C	[ 24] lJTI3_0
0x000217BC	0x00000010	[ 25] ?state@?1??BlShowPanicDialog@@YAXPAPAE@Z@3UEFI_SIMPLE_POINTER_STATE@@A
0x000217CC	0x00000040	[ 28] lJTI13_0
0x0002180C	0x00000028	[ 33] _t_rc
0x00021834	0x00001000	[ 33] _t_fn
0x00022834	0x00001000	[ 33] _t_fl
0x00023834	0x00001000	[ 33] _t_in
0x00024834	0x00001000	[ 33] _t_il
0x00025834	0x00001000	[ 33] _t_im
0x00026834	0x00000014	[ 43] lJTI11_0
0x00026860	0x00000004	[  3] ?BdDebuggerNotPresent@@3EA
0x00026864	0x00000004	[  3] ?BdNumberRetries@@3IA
0x00026868	0x00000004	[  3] ?BdRetryCount@@3IA
0x0002686C	0x00000004	[  3] ?BdBreakpointInstruction@@3EA
0x00026870	0x00000300	[  3] ?BdBreakpointTable@@3PAU_BREAKPOINT_ENTRY@@A
0x00026B70	0x00000004	[  5] _CspConsoleMode
0x00026B74	0x00000004	[  5] _CspGfxSavedConfigRestoreStatus
0x00026B78	0x00007397	[  5] _CspIndicator2x
0x0002DF0F	0x00002442	[  5] _CspIndicator
0x00030351	0x00000300	[  5] _CspIndicatorLookupTable2x
0x00030651	0x00000300	[  5] _CspIndicatorLookupTable
0x00030951	0x0000EF83	[  5] _ApplePanicDialog2X
0x0003F8D4	0x00005E18	[  5] _ApplePanicDialog
0x000456EC	0x000000C9	[  5] _ApplePanicDialog2XClut
0x000457B5	0x000000D6	[  5] _ApplePanicDialogClut
0x0004588B	0x00000300	[  5] _CspFailedLogoLookupTable2x
0x00045B8B	0x00000300	[  5] _CspFailedLogoLookupTable
0x00045E8B	0x000014DC	[  5] _CspFailedLogo2x
0x00047367	0x000005E3	[  5] _CspFailedLogo
0x0004794A	0x00000565	[  5] _AppleLogoPacked
0x00047EAF	0x0000012C	[  5] _AppleLogoClut
0x00047FDB	0x00000D58	[  5] _AppleLogo2XPacked
0x00048D33	0x00000162	[  5] _AppleLogo2XClut
0x00048E98	0x00000010	[ 13] ?EfiDataHubProtocolGuid@@3UEFI_GUID@@A
0x00048EA8	0x00000010	[ 13] ?EfiAcpi20TableGuid@@3UEFI_GUID@@A
0x00048EB8	0x00000010	[ 13] ?EfiAcpiTableGuid@@3UEFI_GUID@@A
0x00048EC8	0x00000010	[ 13] ?EfiLoadedImageProtocolGuid@@3UEFI_GUID@@A
0x00048ED8	0x00000010	[ 13] ?EfiPciIoProtocolGuid@@3UEFI_GUID@@A
0x00048EE8	0x00000010	[ 13] ?EfiSmbiosTableGuid@@3UEFI_GUID@@A
0x00048EF8	0x00000010	[ 13] ?EfiConsoleControlProtocolGuid@@3UEFI_GUID@@A
0x00048F08	0x00000010	[ 13] ?EfiSimpleFileSystemProtocolGuid@@3UEFI_GUID@@A
0x00048F18	0x00000010	[ 13] ?EfiDevicePathProtocolGuid@@3UEFI_GUID@@A
0x00048F28	0x00000010	[ 13] ?EfiBlockIoProtocolGuid@@3UEFI_GUID@@A
0x00048F38	0x00000010	[ 13] ?EfiDiskIoProtocolGuid@@3UEFI_GUID@@A
0x00048F48	0x00000010	[ 13] ?EfiGraphicsOutputProtocolGuid@@3UEFI_GUID@@A
0x00048F58	0x00000010	[ 13] ?EfiUgaDrawProtocolGuid@@3UEFI_GUID@@A
0x00048F68	0x00000010	[ 13] ?EfiFileInfoGuid@@3UEFI_GUID@@A
0x00048F78	0x00000010	[ 13] ?EfiLoadFileProtocolGuid@@3UEFI_GUID@@A
0x00048F88	0x00000010	[ 13] ?EfiFirmwareVolumeProtocolGuid@@3UEFI_GUID@@A
0x00048F98	0x00000010	[ 13] ?EfiFirmwareVolumeDispatchProtocolGuid@@3UEFI_GUID@@A
0x00048FA8	0x00000010	[ 13] ?EfiSimplePointerProtocolGuid@@3UEFI_GUID@@A
0x00048FB8	0x00000010	[ 13] ?AppleKeyStateProtocolGuid@@3UEFI_GUID@@A
0x00048FC8	0x00000010	[ 13] ?AppleNVRAMVariableGuid@@3UEFI_GUID@@A
0x00048FD8	0x00000010	[ 13] ?AppleFirmwareVariableGuid@@3UEFI_GUID@@A
0x00048FE8	0x00000010	[ 13] ?AppleAcpiVariableGuid@@3UEFI_GUID@@A
0x00048FF8	0x00000010	[ 13] ?AppleSystemInfoProducerNameGuid@@3UEFI_GUID@@A
0x00049008	0x00000010	[ 13] ?AppleDevicePropertyProtocolGuid@@3UEFI_GUID@@A
0x00049018	0x00000010	[ 13] ?AppleNetBootProtocolGuid@@3UEFI_GUID@@A
0x00049028	0x00000010	[ 13] ?ApplePasswordUIEfiFileNameGuid@@3UEFI_GUID@@A
0x00049038	0x00000010	[ 13] ?AppleFirmwarePasswordProtocolGuid@@3UEFI_GUID@@A
0x00049048	0x00000010	[ 13] ?AppleDeviceControlProtocolGuid@@3UEFI_GUID@@A
0x00049058	0x00000010	[ 13] ?AppleGraphConfigProtocolGuid@@3UEFI_GUID@@A
0x00049068	0x00000010	[ 13] ?AppleGraphInfoProtocolGuid@@3UEFI_GUID@@A
0x00049078	0x00000010	[ 13] ?AppleRamDmgDevicePathGuid@@3UEFI_GUID@@A
0x00049088	0x00000010	[ 13] ?AppleImageCodecProtocolGuid@@3UEFI_GUID@@A
0x00049098	0x00000010	[ 13] ?AppleDiskIoProtocolGuid@@3UEFI_GUID@@A
0x000490A8	0x00000010	[ 13] ?AppleSMCProtocolGuid@@3UEFI_GUID@@A
0x000490B8	0x00000008	[ 20] _MmpKernelVirtualBegin
0x000490C0	0x00000008	[ 20] _MmpKernelPhysicalBegin
0x000490C8	0x00000009	[ 22] ?BadIndex@?1??BlpGetStringFromSMBIOSTable@@YAPAEPAEE@Z@4PAEA
0x000490D4	0x00000004	[ 24] _BlpBootMode
0x000490D8	0x00000026	[ 25] _BlpPanicInfoName
0x000490FE	0x00000010	[ 27] ?mySmbiosUuid@?1??PeInitialize@@YAIXZ@4PAEA
0x0004910E	0x00000040	[ 29] ?padding@?1??SHA256_Final@@YAXPAEPAU_SHA256_CONTEXT@@@Z@4PAEA
0x00049150	0x00000423	[ 39] ?ArchThunk64BufferStart@@3PAEA
0x00049573	0x00000000	[ 39] ?ArchThunk64BufferEnd@@3PAEA
0x00049580	0x00000004	[  2] _BlpMemoryMapNode
0x00049584	0x00000200	[  2] ?volumeHeader@?1??BlpRootUUIDFromDisk@@YAPBEPAXPAEI@Z@4PAEA
0x00049784	0x00000004	[  4] _CmpConfigPlistTag
0x00049788	0x00000004	[  4] _CmpNextFreeTag
0x0004978C	0x00001000	[  4] ?buffer@?1??CmpEmitFormatString@@YAXPBEEPAPAEPAI2ZZ@4PAEA
0x0004A78C	0x00000004	[  4] _CmpSymbolsHead
0x0004A790	0x00000004	[  5] _CspBackgroundClear
0x0004A794	0x00000004	[  5] _CspConsoleControlProtocol
0x0004A798	0x00000004	[  5] _CspHiDPIMode
0x0004A79C	0x00000004	[  5] _CspGraphicsOutputProtocol
0x0004A7A0	0x00000008	[  5] _CspUgaDrawProtocol
0x0004A7A8	0x00000008	[  5] _CspFrameBufferAddress
0x0004A7B0	0x00000008	[  5] _CspColorDepth
0x0004A7B8	0x00000008	[  5] _CspFrameBufferSize
0x0004A7C0	0x00000004	[  5] _CspHorzRes
0x0004A7C4	0x00000004	[  5] _CspVertRes
0x0004A7C8	0x00000004	[  5] _CspBytesPerRow
0x0004A7CC	0x00000400	[  5] ?utf8Buffer@?1??CsPrintf@@YAXPBEZZ@4PAEA
0x0004ABCC	0x00000800	[  5] ?unicodeBuffer@?1??CsPrintf@@YAXPBEZZ@4PAGA
0x0004B3CC	0x00000004	[  5] _CspDeviceControlProtocol
0x0004B3D0	0x00000004	[  5] _CspGraphConfigProtocol
0x0004B3D4	0x00000004	[  5] _CspIndicatorWidth
0x0004B3D8	0x00000004	[  5] _CspIndicatorHeight
0x0004B3DC	0x00000004	[  5] _CspIndicatorOffsetY
0x0004B3E0	0x00000004	[  5] _CspIndicatorFrameCount
0x0004B3E4	0x00000004	[  5] _CspIndicatorImage
0x0004B3E8	0x00000004	[  5] _CspIndicatorRefreshTimerEvent
0x0004B3EC	0x00000004	[  5] _CspIndicatorCurrentFrame
0x0004B3F0	0x00000004	[  7] _Bd1394pGlobalData
0x0004B3F4	0x00000004	[  7] _Bd1394pControllerRegisterBase
0x0004B3F8	0x00000008	[  7] _Bd1394pDataPhysicalAddress
0x0004B400	0x00000004	[ 10] _DevTreepRootNode
0x0004B404	0x00000004	[ 10] _DevTreepTotalPropertiesSize
0x0004B408	0x00000004	[ 10] _DevTreepAllocatedNodes
0x0004B40C	0x00000004	[ 10] _DevTreepNextFreeNode
0x0004B410	0x00000004	[ 10] _DevTreepTotalNodes
0x0004B414	0x00000004	[ 10] _DevTreepAllocatedProperties
0x0004B418	0x00000004	[ 10] _DevTreepNextFreeProperty
0x0004B41C	0x00000004	[ 10] _DevTreepTotalProperties
0x0004B420	0x00000004	[ 11] _IopRootFile
0x0004B424	0x00000004	[ 11] _IopLoadFileProtocol
0x0004B428	0x00000800	[ 11] ?unicodeFilePathName@?1??IoOpenFile@@YAIPBEPAUEFI_DEVICE_PATH_PROTOCOL@@PAU_IO_FILE_HANDLE@@I@Z@4PAGA
0x0004BC28	0x00000100	[ 11] ?bootFilePathBuffer@?1??IopFindBootDevice@@YAIPAPAXPAPAUEFI_DEVICE_PATH_PROTOCOL@@@Z@4PAEA
0x0004BD28	0x00000004	[ 12] _FvpVolumeKeyCount
0x0004BD2C	0x00000004	[ 12] _FvpVolumeKeyList
0x0004BD30	0x00000004	[ 12] _FvpLoginUnlockIdent
0x0004BD34	0x00000004	[ 12] _FvpResetIdent
0x0004BD38	0x00000004	[ 12] _FvpUserPassword
0x0004BD3C	0x00000004	[ 12] _FvpKeyEncryptingKeyIdent
0x0004BD40	0x00000004	[ 12] _FvpVolumeKeyKEKLength
0x0004BD44	0x00000080	[ 12] _FvpVolumeKeyKEK
0x0004BDC4	0x00000004	[ 12] _FvpRecoveryKeyUserDictTag
0x0004BDC8	0x00000004	[ 12] _FvpWrappedVolumeKeyCount
0x0004BDCC	0x00000004	[ 12] _FvpWrappedVolumeKeysListTag
0x0004BDD0	0x00000200	[ 12] ?localBuffer@?1??FvpVerifyKeyData@@YAEPAU_KEY_SIGN_DATA@@PBXI@Z@4PAEA
0x0004BFD0	0x00000100	[ 12] ?keyBuffer@?1??FvpPassphaseUnwrapData@@YAEPBEIPAU_PASSPHASE_WRAPPED_DATA@@PAU_PASSPHASE_UNWRAPPED_DATA@@@Z@4PAEA
0x0004C0D0	0x00000004	[ 12] _FvpEncryptedRootPlistTag
0x0004C0D4	0x00000004	[ 12] ?inputBuffer16@?1??FvpReadInput@@YAXPAPAEPAIIE@Z@4PAGA
0x0004C0D8	0x00000004	[ 12] _FvpMasterKeyUserDictTag
0x0004C0DC	0x00000010	[ 12] ?keyBuffer@?1??FvpDecryptVolumeKEKWithMasterKeyUser@@YAIXZ@4PAEA
0x0004C0F0	0x00000208	[ 14] ?localHeader@?1??HbpContinueResumeFromHibernate@@YAXPBEIE@Z@4U_HIBERNATE_IMAGE_HEADER@@A
0x0004C2F8	0x00000008	[ 14] _HbpDiskIoProtocol
0x0004C300	0x00000008	[ 14] _HbpDiskOffset
0x0004C308	0x00000004	[ 14] _HbpBlockIoProtocol
0x0004C30C	0x00000004	[ 14] _HbpAppleSMCProtocol
0x0004C310	0x00000004	[ 14] _HbpCurrentTime
0x0004C314	0x00000004	[ 14] _HbpAppleDiskIoProtocol
0x0004C318	0x0000002C	[ 14] _HbpHibernateVars
0x0004C344	0x00000004	[ 14] _HbpBootImageKeyLength
0x0004C348	0x00000004	[ 14] _HbpBootImageKey
0x0004C34C	0x00000458	[ 15] ?localBuffer@?1??LdrpLoadDrivers@@YAIPBEE@Z@4PAEA
0x0004C7A4	0x00000400	[ 15] ?utf8FileName@?1??LdrpLoadDrivers@@YAIPBEE@Z@4PAEA
0x0004CBA4	0x00000400	[ 15] ?pluginBuffer@?1??LdrpLoadDrivers@@YAIPBEE@Z@4PAEA
0x0004CFA4	0x00000004	[ 15] _LdrpExtensionModulesHead
0x0004CFA8	0x00000404	[ 15] ?fullFileName@?1??LdrpLoadDriverPList@@YAIPBE0E@Z@4PAEA
0x0004D3AC	0x00000004	[ 15] _LdrpExtensionModulesTail
0x0004D3B0	0x00000008	[ 16] _LdrpASLRDisplacement
0x0004D3B8	0x00000004	[ 16] _LdrpKernelPathName
0x0004D3BC	0x00000004	[ 16] _LdrpKernelCachePathName
0x0004D3C0	0x00000004	[ 16] _LdrpKernelCacheOverride
0x0004D3C4	0x00000004	[ 16] _LdrpKernelCacheFilePath
0x0004D3C8	0x00000004	[ 16] _LdrpKernelFilePath
0x0004D3CC	0x00000004	[ 16] _LdrpRamDiskFilePath
0x0004D3D0	0x00000004	[ 16] _LdrpRamDiskPathName
0x0004D3D4	0x00000180	[ 16] ?fileHeader@?1??LdrLoadKernelCache@@YAIPAU_MACH_O_LOADED_INFO@@PAUEFI_DEVICE_PATH_PROTOCOL@@@Z@4U_COMPRESSED_KERNEL_CACHE_HEADER@@A
0x0004D558	0x00000004	[ 20] _MmpAllocatedMemoryTagHead
0x0004D55C	0x00000004	[ 20] _MmpAllocatedMemoryTagPoolHead
0x0004D560	0x00000008	[ 20] _MmpNextFreeMemoryTag
0x0004D568	0x00000008	[ 20] _MmpKernelVirtualEnd
0x0004D570	0x00000008	[ 20] _MmpKernelPhysicalEnd
0x0004D578	0x00000008	[ 22] _BlpMemoryCapacity
0x0004D580	0x00000008	[ 22] _BlpMemorySize
0x0004D588	0x00000040	[ 22] _BlpBoardId
0x0004D5C8	0x00000004	[ 22] _BlpMemoryDevices
0x0004D5CC	0x00000400	[ 24] ?fileName@?1??BlpLoadConfigFile@@YAPBEPBEPAUEFI_DEVICE_PATH_PROTOCOL@@@Z@4PAEA
0x0004D9CC	0x00000041	[ 27] _PepModelName
0x0004DA10	0x00000008	[ 30] _AcpipNVSMemoryAddress
0x0004DA18	0x00000001	[ 32] _via_flags
0x0004DA20	0x00000008	[ 42] _ArchpKernelIdlePML4
0x0004DA28	0x00000004	[ 42] _ArchpThunkCodeStart
0x0004DA2C	0x00000004	[ 42] _ArchpThunkDataStart
0x0004DA30	0x00000004	[ 42] _ArchpThunkDataSize
0x0004DA34	0x00000004	[ 42] _ArchpVirtualAddressChangedEvent
0x0004DA40	0x00000001	[  3] ?BdDebuggerType@@3EA
0x0004DA41	0x00000001	[  3] ?BdSubsystemInitialized@@3EA
0x0004DA42	0x00000001	[  3] ?BdConnectionActive@@3EA
0x0004DA43	0x00000001	[  3] ?BdArchBlockDebuggerOperation@@3EA
0x0004DA44	0x00000004	[  3] ?BdDebugTrap@@3P6AEPAU_EXCEPTION_RECORD@@PAU_KEXCEPTION_FRAME@@PAU_KTRAP_FRAME@@@ZA
0x0004DA48	0x00000004	[  3] ?BdSendPacket@@3P6AXIPAU_STRING@@0@ZA
0x0004DA4C	0x00000004	[  3] ?BdReceivePacket@@3P6AIIPAU_STRING@@0PAI@ZA
0x0004DA50	0x00001000	[  3] ?BdMessageBuffer@@3PAEA
0x0004EA50	0x00001000	[  3] ?BdDebugMessage@@3PAEA
0x0004FA50	0x00000001	[  3] ?BdControlCPressed@@3EA
0x0004FA51	0x00000003	[  3] ?BdControlCPending@@3EA
0x0004FA54	0x00000004	[  3] ?BdNextPacketIdToSend@@3IA
0x0004FA58	0x00000008	[  3] ?BdPacketIdExpected@@3IA
0x0004FA60	0x00000008	[  3] ?BdModuleList@@3U_LIST_ENTRY@@A
0x0004FA68	0x00000068	[  3] ?BdModuleDataTableEntry@@3U_LDR_DATA_TABLE_ENTRY@@A
0x0004FAD0	0x00000004	[  8] ?BdUsbpGlobalData@@3PAU_DEBUG_USB_GLOBAL_DATA@@A
0x0004FAD4	0x00000004	[ 13] ?EfiSystemTable@@3PAU_EFI_SYSTEM_TABLE@@A
0x0004FAD8	0x00000004	[ 13] ?EfiBootServices@@3PAUEFI_BOOT_SERVICES@@A
0x0004FADC	0x00000004	[ 13] ?EfiRuntimeServices@@3PAUEFI_RUNTIME_SERVICES@@A
0x0004FAE0	0x00000004	[ 13] ?EfiImageHandle@@3PAXA
0x0004FAE4	0x00000010	[ 22] ?BlpSmbiosUuid@@3UEFI_GUID@@A
0x0004FAF8	0x00000004	[ 43] ?BdPcr@@3PAU_KPCR@@A
0x0004FAFC	0x00000004	[ 43] ?BdPrcb@@3PAU_KPRCB@@A
0x0004FB00	0x00000008	[ 43] ?BdPcrPhysicalAddress@@3_KA
